// Jest Snapshot v1, https://goo.gl/fbAQLP

exports[`src/components/ConfigForm snapshot 1`] = `
<div>
  <div>
    <canvas
      height={537.5999999999999}
      width={1008}
    />
    <div
      className="MuiGrid-root MuiGrid-container MuiGrid-spacing-xs-2"
    >
      <div
        className="MuiGrid-root MuiGrid-item"
      >
        <button
          className="MuiButtonBase-root MuiButton-root MuiButton-contained MuiButton-containedSecondary"
          disabled={false}
          onBlur={[Function]}
          onClick={[Function]}
          onDragLeave={[Function]}
          onFocus={[Function]}
          onKeyDown={[Function]}
          onKeyUp={[Function]}
          onMouseDown={[Function]}
          onMouseLeave={[Function]}
          onMouseUp={[Function]}
          onTouchEnd={[Function]}
          onTouchMove={[Function]}
          onTouchStart={[Function]}
          tabIndex={0}
          type="button"
        >
          <span
            className="MuiButton-label"
          >
            Pause
          </span>
        </button>
      </div>
      <div
        className="MuiGrid-root MuiGrid-item"
      >
        <button
          className="MuiButtonBase-root MuiButton-root MuiButton-contained"
          disabled={false}
          onBlur={[Function]}
          onClick={[Function]}
          onDragLeave={[Function]}
          onFocus={[Function]}
          onKeyDown={[Function]}
          onKeyUp={[Function]}
          onMouseDown={[Function]}
          onMouseLeave={[Function]}
          onMouseUp={[Function]}
          onTouchEnd={[Function]}
          onTouchMove={[Function]}
          onTouchStart={[Function]}
          tabIndex={0}
          type="button"
        >
          <span
            className="MuiButton-label"
          >
            Step
          </span>
        </button>
      </div>
    </div>
  </div>
  <div
    style={
      Object {
        "marginTop": "1rem",
      }
    }
  >
    <form
      onSubmit={[Function]}
    >
      <div
        className="MuiGrid-root MuiGrid-container"
      >
        <div
          className="MuiGrid-root MuiGrid-item"
        >
          <button
            className="MuiButtonBase-root MuiButton-root MuiButton-contained"
            disabled={false}
            onBlur={[Function]}
            onDragLeave={[Function]}
            onFocus={[Function]}
            onKeyDown={[Function]}
            onKeyUp={[Function]}
            onMouseDown={[Function]}
            onMouseLeave={[Function]}
            onMouseUp={[Function]}
            onTouchEnd={[Function]}
            onTouchMove={[Function]}
            onTouchStart={[Function]}
            tabIndex={0}
            type="submit"
          >
            <span
              className="MuiButton-label"
            >
              Reset
            </span>
          </button>
        </div>
      </div>
      <div
        className="MuiGrid-root MuiGrid-container"
        style={
          Object {
            "marginTop": "1rem",
          }
        }
      >
        <div
          className="MuiGrid-root MuiGrid-item MuiGrid-grid-xs-12"
        >
          <p
            className="MuiTypography-root MuiTypography-body1"
          >
            Text
          </p>
          <TextField
            fullWidth={true}
            multiline={true}
            onChange={[Function]}
            value="岡田を
切る技術"
            variant="outlined"
          />
        </div>
      </div>
      <div
        className="MuiGrid-root MuiGrid-container MuiGrid-spacing-xs-2"
        style={
          Object {
            "marginTop": "1rem",
          }
        }
      >
        <div
          className="MuiGrid-root MuiGrid-item"
        >
          <p
            className="MuiTypography-root MuiTypography-body1"
          >
            Fill
          </p>
          <CompactPicker
            color="#000"
            onChange={[Function]}
          />
        </div>
        <div
          className="MuiGrid-root MuiGrid-item"
        >
          <p
            className="MuiTypography-root MuiTypography-body1"
          >
            Stroke
          </p>
          <CompactPicker
            color="#fefb00"
            onChange={[Function]}
          />
        </div>
      </div>
      <div
        className="MuiGrid-root MuiGrid-container MuiGrid-spacing-xs-2"
        style={
          Object {
            "marginTop": "1rem",
          }
        }
      >
        <div
          className="MuiGrid-root MuiGrid-item MuiGrid-grid-xs-12 MuiGrid-grid-sm-6"
        >
          <p
            className="MuiTypography-root MuiTypography-body1"
          >
            Gravity X
          </p>
          <Slider
            marks={
              Array [
                Object {
                  "label": "0",
                  "value": 0,
                },
              ]
            }
            max={0.05}
            min={-0.05}
            onChange={[Function]}
            step={0.0001}
            value={0}
            valueLabelFormat={[Function]}
          />
        </div>
        <div
          className="MuiGrid-root MuiGrid-item MuiGrid-grid-xs-12 MuiGrid-grid-sm-6"
        >
          <p
            className="MuiTypography-root MuiTypography-body1"
          >
            Gravity Y
          </p>
          <Slider
            marks={
              Array [
                Object {
                  "label": "0",
                  "value": 0,
                },
              ]
            }
            max={0.05}
            min={-0.05}
            onChange={[Function]}
            step={0.0001}
            value={0}
            valueLabelFormat={[Function]}
          />
        </div>
      </div>
    </form>
  </div>
  <a
    className="MuiTypography-root MuiLink-root MuiLink-underlineHover MuiTypography-colorPrimary"
    href="https://github.com/miyanokomiya/okadaphy"
    onBlur={[Function]}
    onFocus={[Function]}
  >
    Github
  </a>
</div>
`;
